../Core/Src/main.c:75:6:DWT_Init	4	static
../Core/Src/main.c:81:6:delay_us	24	static
../Core/Src/main.c:88:6:HAL_TIM_PeriodElapsedCallback	16	static
../Core/Src/main.c:113:6:HAL_TIM_IC_CaptureCallback	16	static
../Core/Src/main.c:146:5:main	8	static
../Core/Src/main.c:199:6:SystemClock_Config	72	static
../Core/Src/main.c:240:13:MX_TIM1_Init	32	static
../Core/Src/main.c:290:13:MX_TIM2_Init	48	static
../Core/Src/main.c:354:13:MX_USART1_UART_Init	8	static
../Core/Src/main.c:387:13:MX_GPIO_Init	32	static
../Core/Src/main.c:411:6:Error_Handler	4	static,ignoring_inline_asm
