../Core/Src/main.c:73:6:DWT_Init	4	static
../Core/Src/main.c:79:6:delay_us	24	static
../Core/Src/main.c:86:6:HAL_TIM_PeriodElapsedCallback	24	static
../Core/Src/main.c:105:6:HAL_TIM_IC_CaptureCallback	16	static
../Core/Src/main.c:123:5:main	16	static
../Core/Src/main.c:174:6:SystemClock_Config	72	static
../Core/Src/main.c:215:13:MX_TIM1_Init	32	static
../Core/Src/main.c:265:13:MX_TIM2_Init	72	static
../Core/Src/main.c:339:13:MX_USART1_UART_Init	8	static
../Core/Src/main.c:372:13:MX_GPIO_Init	32	static
../Core/Src/main.c:395:6:Error_Handler	4	static,ignoring_inline_asm
